--------------------------------------------------------------------------------
Release 14.7 Trace  (nt64)
Copyright (c) 1995-2013 Xilinx, Inc.  All rights reserved.

C:\Xilinx\14.7\ISE_DS\ISE\bin\nt64\unwrapped\trce.exe -intstyle ise -v 3 -s 3
-n 3 -fastpaths -xml AR_CLA_2.twx AR_CLA_2.ncd -o AR_CLA_2.twr AR_CLA_2.pcf

Design file:              AR_CLA_2.ncd
Physical constraint file: AR_CLA_2.pcf
Device,package,speed:     xc7vx330t,ffg1157,C,-3 (PRODUCTION 1.10 2013-10-13)
Report level:             verbose report

Environment Variable      Effect 
--------------------      ------ 
NONE                      No environment variables were set
--------------------------------------------------------------------------------

INFO:Timing:2698 - No timing constraints found, doing default enumeration.
INFO:Timing:3412 - To improve timing, see the Timing Closure User Guide (UG612).
INFO:Timing:2752 - To get complete path coverage, use the unconstrained paths 
   option. All paths that are not constrained will be reported in the 
   unconstrained paths section(s) of the report.
INFO:Timing:3339 - The clock-to-out numbers in this timing report are based on 
   a 50 Ohm transmission line loading model.  For the details of this model, 
   and for more information on accounting for different loading conditions, 
   please see the device datasheet.



Data Sheet report:
-----------------
All values displayed in nanoseconds (ns)

Pad to Pad
---------------+---------------+---------+
Source Pad     |Destination Pad|  Delay  |
---------------+---------------+---------+
cin            |cout<0>        |    5.673|
cin            |sum<0>         |    5.084|
cin            |sum<1>         |    4.792|
cin            |sum<2>         |    4.818|
cin            |sum<3>         |    5.703|
cin            |sum<4>         |    5.506|
cin            |sum<5>         |    6.001|
cin            |sum<6>         |    5.819|
cin            |sum<7>         |    6.032|
x<0>           |cout<0>        |    5.790|
x<0>           |cout<1>        |    5.008|
x<0>           |cout<2>        |    5.340|
x<0>           |sum<0>         |    4.607|
x<0>           |sum<1>         |    4.837|
x<0>           |sum<2>         |    5.041|
x<0>           |sum<3>         |    5.820|
x<0>           |sum<4>         |    5.623|
x<0>           |sum<5>         |    6.118|
x<0>           |sum<6>         |    5.936|
x<0>           |sum<7>         |    6.149|
x<0>           |sum<8>         |    6.038|
x<0>           |sum<9>         |    5.628|
x<0>           |sum<10>        |    5.589|
x<0>           |sum<11>        |    5.721|
x<1>           |cout<0>        |    5.661|
x<1>           |cout<1>        |    4.994|
x<1>           |cout<2>        |    5.326|
x<1>           |sum<1>         |    4.541|
x<1>           |sum<2>         |    4.346|
x<1>           |sum<3>         |    5.206|
x<1>           |sum<4>         |    5.391|
x<1>           |sum<5>         |    5.990|
x<1>           |sum<6>         |    5.808|
x<1>           |sum<7>         |    6.021|
x<1>           |sum<8>         |    6.024|
x<1>           |sum<9>         |    5.614|
x<1>           |sum<10>        |    5.575|
x<1>           |sum<11>        |    5.707|
x<2>           |cout<0>        |    5.832|
x<2>           |cout<1>        |    5.165|
x<2>           |cout<2>        |    5.497|
x<2>           |sum<1>         |    4.797|
x<2>           |sum<2>         |    4.643|
x<2>           |sum<3>         |    5.282|
x<2>           |sum<4>         |    5.562|
x<2>           |sum<5>         |    6.161|
x<2>           |sum<6>         |    5.979|
x<2>           |sum<7>         |    6.192|
x<2>           |sum<8>         |    6.195|
x<2>           |sum<9>         |    5.785|
x<2>           |sum<10>        |    5.746|
x<2>           |sum<11>        |    5.878|
x<3>           |cout<0>        |    4.836|
x<3>           |cout<1>        |    4.512|
x<3>           |cout<2>        |    4.844|
x<3>           |sum<3>         |    4.519|
x<3>           |sum<4>         |    4.442|
x<3>           |sum<5>         |    5.165|
x<3>           |sum<6>         |    4.983|
x<3>           |sum<7>         |    5.196|
x<3>           |sum<8>         |    5.542|
x<3>           |sum<9>         |    5.132|
x<3>           |sum<10>        |    5.093|
x<3>           |sum<11>        |    5.225|
x<4>           |cout<2>        |    5.351|
x<4>           |cout<3>        |    4.975|
x<4>           |cout<4>        |    5.349|
x<4>           |sum<4>         |    4.510|
x<4>           |sum<5>         |    5.177|
x<4>           |sum<6>         |    4.998|
x<4>           |sum<7>         |    5.208|
x<4>           |sum<8>         |    6.017|
x<4>           |sum<9>         |    5.607|
x<4>           |sum<10>        |    5.568|
x<4>           |sum<11>        |    5.700|
x<4>           |sum<12>        |    5.647|
x<4>           |sum<13>        |    6.394|
x<4>           |sum<14>        |    5.768|
x<4>           |sum<15>        |    6.215|
x<5>           |cout<2>        |    5.506|
x<5>           |cout<3>        |    5.130|
x<5>           |cout<4>        |    5.504|
x<5>           |sum<5>         |    5.334|
x<5>           |sum<6>         |    5.153|
x<5>           |sum<7>         |    5.365|
x<5>           |sum<8>         |    6.172|
x<5>           |sum<9>         |    5.762|
x<5>           |sum<10>        |    5.723|
x<5>           |sum<11>        |    5.855|
x<5>           |sum<12>        |    5.802|
x<5>           |sum<13>        |    6.549|
x<5>           |sum<14>        |    5.923|
x<5>           |sum<15>        |    6.370|
x<6>           |cout<2>        |    5.091|
x<6>           |cout<3>        |    4.715|
x<6>           |cout<4>        |    5.089|
x<6>           |sum<5>         |    5.157|
x<6>           |sum<6>         |    4.975|
x<6>           |sum<7>         |    5.188|
x<6>           |sum<8>         |    5.757|
x<6>           |sum<9>         |    5.347|
x<6>           |sum<10>        |    5.308|
x<6>           |sum<11>        |    5.440|
x<6>           |sum<12>        |    5.387|
x<6>           |sum<13>        |    6.134|
x<6>           |sum<14>        |    5.508|
x<6>           |sum<15>        |    5.955|
x<7>           |cout<2>        |    5.216|
x<7>           |cout<3>        |    4.840|
x<7>           |cout<4>        |    5.214|
x<7>           |sum<7>         |    4.437|
x<7>           |sum<8>         |    5.882|
x<7>           |sum<9>         |    5.472|
x<7>           |sum<10>        |    5.433|
x<7>           |sum<11>        |    5.565|
x<7>           |sum<12>        |    5.512|
x<7>           |sum<13>        |    6.259|
x<7>           |sum<14>        |    5.633|
x<7>           |sum<15>        |    6.080|
x<8>           |cout<4>        |    4.944|
x<8>           |cout<5>        |    4.836|
x<8>           |cout<6>        |    5.356|
x<8>           |sum<8>         |    4.591|
x<8>           |sum<9>         |    4.955|
x<8>           |sum<10>        |    4.863|
x<8>           |sum<11>        |    4.704|
x<8>           |sum<12>        |    5.439|
x<8>           |sum<13>        |    6.186|
x<8>           |sum<14>        |    5.560|
x<8>           |sum<15>        |    6.007|
x<9>           |cout<4>        |    5.093|
x<9>           |cout<5>        |    4.985|
x<9>           |cout<6>        |    5.505|
x<9>           |sum<9>         |    5.298|
x<9>           |sum<10>        |    5.011|
x<9>           |sum<11>        |    4.852|
x<9>           |sum<12>        |    5.588|
x<9>           |sum<13>        |    6.335|
x<9>           |sum<14>        |    5.709|
x<9>           |sum<15>        |    6.156|
x<10>          |cout<4>        |    4.810|
x<10>          |cout<5>        |    4.702|
x<10>          |cout<6>        |    5.222|
x<10>          |sum<9>         |    4.599|
x<10>          |sum<10>        |    4.392|
x<10>          |sum<11>        |    4.619|
x<10>          |sum<12>        |    5.305|
x<10>          |sum<13>        |    6.052|
x<10>          |sum<14>        |    5.426|
x<10>          |sum<15>        |    5.873|
x<11>          |cout<4>        |    4.964|
x<11>          |cout<5>        |    4.856|
x<11>          |cout<6>        |    5.376|
x<11>          |sum<11>        |    5.225|
x<11>          |sum<12>        |    5.459|
x<11>          |sum<13>        |    6.206|
x<11>          |sum<14>        |    5.580|
x<11>          |sum<15>        |    6.027|
x<12>          |cout<6>        |    5.189|
x<12>          |cout<7>        |    4.995|
x<12>          |sum<12>        |    4.657|
x<12>          |sum<13>        |    5.613|
x<12>          |sum<14>        |    5.072|
x<12>          |sum<15>        |    5.434|
x<13>          |cout<6>        |    5.319|
x<13>          |cout<7>        |    5.418|
x<13>          |sum<13>        |    5.743|
x<13>          |sum<14>        |    5.202|
x<13>          |sum<15>        |    5.564|
x<14>          |cout<6>        |    5.168|
x<14>          |cout<7>        |    5.240|
x<14>          |sum<13>        |    5.384|
x<14>          |sum<14>        |    4.941|
x<14>          |sum<15>        |    5.299|
x<15>          |cout<6>        |    4.450|
x<15>          |cout<7>        |    4.629|
x<15>          |sum<15>        |    4.688|
y<0>           |cout<0>        |    5.622|
y<0>           |cout<1>        |    4.864|
y<0>           |cout<2>        |    5.196|
y<0>           |sum<0>         |    4.671|
y<0>           |sum<1>         |    4.670|
y<0>           |sum<2>         |    4.874|
y<0>           |sum<3>         |    5.652|
y<0>           |sum<4>         |    5.455|
y<0>           |sum<5>         |    5.950|
y<0>           |sum<6>         |    5.768|
y<0>           |sum<7>         |    5.981|
y<0>           |sum<8>         |    5.894|
y<0>           |sum<9>         |    5.484|
y<0>           |sum<10>        |    5.445|
y<0>           |sum<11>        |    5.577|
y<1>           |cout<0>        |    5.574|
y<1>           |cout<1>        |    4.907|
y<1>           |cout<2>        |    5.239|
y<1>           |sum<1>         |    4.772|
y<1>           |sum<2>         |    4.677|
y<1>           |sum<3>         |    5.024|
y<1>           |sum<4>         |    5.304|
y<1>           |sum<5>         |    5.903|
y<1>           |sum<6>         |    5.721|
y<1>           |sum<7>         |    5.934|
y<1>           |sum<8>         |    5.937|
y<1>           |sum<9>         |    5.527|
y<1>           |sum<10>        |    5.488|
y<1>           |sum<11>        |    5.620|
y<2>           |cout<0>        |    5.565|
y<2>           |cout<1>        |    4.898|
y<2>           |cout<2>        |    5.230|
y<2>           |sum<1>         |    4.993|
y<2>           |sum<2>         |    4.839|
y<2>           |sum<3>         |    5.201|
y<2>           |sum<4>         |    5.295|
y<2>           |sum<5>         |    5.894|
y<2>           |sum<6>         |    5.712|
y<2>           |sum<7>         |    5.925|
y<2>           |sum<8>         |    5.928|
y<2>           |sum<9>         |    5.518|
y<2>           |sum<10>        |    5.479|
y<2>           |sum<11>        |    5.611|
y<3>           |cout<0>        |    4.973|
y<3>           |cout<1>        |    4.820|
y<3>           |cout<2>        |    5.152|
y<3>           |sum<3>         |    4.828|
y<3>           |sum<4>         |    4.772|
y<3>           |sum<5>         |    5.303|
y<3>           |sum<6>         |    5.121|
y<3>           |sum<7>         |    5.334|
y<3>           |sum<8>         |    5.850|
y<3>           |sum<9>         |    5.440|
y<3>           |sum<10>        |    5.401|
y<3>           |sum<11>        |    5.533|
y<4>           |cout<2>        |    5.737|
y<4>           |cout<3>        |    5.361|
y<4>           |cout<4>        |    5.735|
y<4>           |sum<4>         |    5.052|
y<4>           |sum<5>         |    5.565|
y<4>           |sum<6>         |    5.384|
y<4>           |sum<7>         |    5.596|
y<4>           |sum<8>         |    6.403|
y<4>           |sum<9>         |    5.993|
y<4>           |sum<10>        |    5.954|
y<4>           |sum<11>        |    6.086|
y<4>           |sum<12>        |    6.033|
y<4>           |sum<13>        |    6.780|
y<4>           |sum<14>        |    6.154|
y<4>           |sum<15>        |    6.601|
y<5>           |cout<2>        |    5.549|
y<5>           |cout<3>        |    5.173|
y<5>           |cout<4>        |    5.547|
y<5>           |sum<5>         |    5.377|
y<5>           |sum<6>         |    5.196|
y<5>           |sum<7>         |    5.408|
y<5>           |sum<8>         |    6.215|
y<5>           |sum<9>         |    5.805|
y<5>           |sum<10>        |    5.766|
y<5>           |sum<11>        |    5.898|
y<5>           |sum<12>        |    5.845|
y<5>           |sum<13>        |    6.592|
y<5>           |sum<14>        |    5.966|
y<5>           |sum<15>        |    6.413|
y<6>           |cout<2>        |    5.213|
y<6>           |cout<3>        |    4.837|
y<6>           |cout<4>        |    5.211|
y<6>           |sum<5>         |    5.170|
y<6>           |sum<6>         |    4.989|
y<6>           |sum<7>         |    5.201|
y<6>           |sum<8>         |    5.879|
y<6>           |sum<9>         |    5.469|
y<6>           |sum<10>        |    5.430|
y<6>           |sum<11>        |    5.562|
y<6>           |sum<12>        |    5.509|
y<6>           |sum<13>        |    6.256|
y<6>           |sum<14>        |    5.630|
y<6>           |sum<15>        |    6.077|
y<7>           |cout<2>        |    4.907|
y<7>           |cout<3>        |    4.531|
y<7>           |cout<4>        |    4.905|
y<7>           |sum<7>         |    4.680|
y<7>           |sum<8>         |    5.573|
y<7>           |sum<9>         |    5.163|
y<7>           |sum<10>        |    5.124|
y<7>           |sum<11>        |    5.256|
y<7>           |sum<12>        |    5.203|
y<7>           |sum<13>        |    5.950|
y<7>           |sum<14>        |    5.324|
y<7>           |sum<15>        |    5.771|
y<8>           |cout<4>        |    5.344|
y<8>           |cout<5>        |    5.236|
y<8>           |cout<6>        |    5.756|
y<8>           |sum<8>         |    4.773|
y<8>           |sum<9>         |    5.353|
y<8>           |sum<10>        |    5.261|
y<8>           |sum<11>        |    5.102|
y<8>           |sum<12>        |    5.839|
y<8>           |sum<13>        |    6.586|
y<8>           |sum<14>        |    5.960|
y<8>           |sum<15>        |    6.407|
y<9>           |cout<4>        |    5.428|
y<9>           |cout<5>        |    5.320|
y<9>           |cout<6>        |    5.840|
y<9>           |sum<9>         |    5.438|
y<9>           |sum<10>        |    5.346|
y<9>           |sum<11>        |    5.187|
y<9>           |sum<12>        |    5.923|
y<9>           |sum<13>        |    6.670|
y<9>           |sum<14>        |    6.044|
y<9>           |sum<15>        |    6.491|
y<10>          |cout<4>        |    4.882|
y<10>          |cout<5>        |    4.774|
y<10>          |cout<6>        |    5.294|
y<10>          |sum<9>         |    4.905|
y<10>          |sum<10>        |    4.926|
y<10>          |sum<11>        |    4.847|
y<10>          |sum<12>        |    5.377|
y<10>          |sum<13>        |    6.124|
y<10>          |sum<14>        |    5.498|
y<10>          |sum<15>        |    5.945|
y<11>          |cout<4>        |    5.083|
y<11>          |cout<5>        |    4.975|
y<11>          |cout<6>        |    5.495|
y<11>          |sum<11>        |    5.344|
y<11>          |sum<12>        |    5.578|
y<11>          |sum<13>        |    6.325|
y<11>          |sum<14>        |    5.699|
y<11>          |sum<15>        |    6.146|
y<12>          |cout<6>        |    5.277|
y<12>          |cout<7>        |    5.150|
y<12>          |sum<12>        |    5.031|
y<12>          |sum<13>        |    5.701|
y<12>          |sum<14>        |    5.233|
y<12>          |sum<15>        |    5.522|
y<13>          |cout<6>        |    5.389|
y<13>          |cout<7>        |    5.368|
y<13>          |sum<13>        |    5.813|
y<13>          |sum<14>        |    5.272|
y<13>          |sum<15>        |    5.634|
y<14>          |cout<6>        |    5.320|
y<14>          |cout<7>        |    5.294|
y<14>          |sum<13>        |    5.535|
y<14>          |sum<14>        |    5.093|
y<14>          |sum<15>        |    5.356|
y<15>          |cout<6>        |    4.832|
y<15>          |cout<7>        |    4.940|
y<15>          |sum<15>        |    4.999|
---------------+---------------+---------+


Analysis completed Wed Jul 21 12:03:00 2021 
--------------------------------------------------------------------------------

Trace Settings:
-------------------------
Trace Settings 

Peak Memory Usage: 926 MB



