--------------------------------------------------------------------------------
Release 14.7 Trace  (nt64)
Copyright (c) 1995-2013 Xilinx, Inc.  All rights reserved.

C:\Xilinx\14.7\ISE_DS\ISE\bin\nt64\unwrapped\trce.exe -intstyle ise -v 3 -s 3
-n 3 -fastpaths -xml AR_CLA_1.twx AR_CLA_1.ncd -o AR_CLA_1.twr AR_CLA_1.pcf

Design file:              AR_CLA_1.ncd
Physical constraint file: AR_CLA_1.pcf
Device,package,speed:     xc7vx330t,ffg1157,C,-3 (PRODUCTION 1.10 2013-10-13)
Report level:             verbose report

Environment Variable      Effect 
--------------------      ------ 
NONE                      No environment variables were set
--------------------------------------------------------------------------------

INFO:Timing:2698 - No timing constraints found, doing default enumeration.
INFO:Timing:3412 - To improve timing, see the Timing Closure User Guide (UG612).
INFO:Timing:2752 - To get complete path coverage, use the unconstrained paths 
   option. All paths that are not constrained will be reported in the 
   unconstrained paths section(s) of the report.
INFO:Timing:3339 - The clock-to-out numbers in this timing report are based on 
   a 50 Ohm transmission line loading model.  For the details of this model, 
   and for more information on accounting for different loading conditions, 
   please see the device datasheet.



Data Sheet report:
-----------------
All values displayed in nanoseconds (ns)

Pad to Pad
---------------+---------------+---------+
Source Pad     |Destination Pad|  Delay  |
---------------+---------------+---------+
CTL            |sum<4>         |    7.415|
CTL            |sum<5>         |    6.673|
CTL            |sum<6>         |    6.939|
CTL            |sum<7>         |    6.864|
CTL            |sum<8>         |    7.257|
CTL            |sum<9>         |    6.338|
CTL            |sum<10>        |    7.320|
CTL            |sum<11>        |    7.262|
CTL            |sum<12>        |    6.155|
CTL            |sum<13>        |    6.049|
CTL            |sum<14>        |    7.522|
CTL            |sum<15>        |    7.241|
cin<0>         |cout<0>        |    7.185|
cin<0>         |cout<2>        |    8.158|
cin<0>         |cout<4>        |    6.986|
cin<0>         |cout<6>        |    9.127|
cin<0>         |sum<4>         |    7.660|
cin<0>         |sum<5>         |    6.917|
cin<0>         |sum<6>         |    7.183|
cin<0>         |sum<7>         |    7.108|
cin<0>         |sum<8>         |    8.374|
cin<0>         |sum<9>         |    7.307|
cin<0>         |sum<10>        |    8.439|
cin<0>         |sum<11>        |    8.381|
cin<0>         |sum<12>        |    7.562|
cin<0>         |sum<13>        |    7.414|
cin<0>         |sum<14>        |    8.928|
cin<0>         |sum<15>        |    8.647|
cin<1>         |sum<0>         |    4.857|
cin<1>         |sum<1>         |    4.869|
cin<1>         |sum<2>         |    5.103|
cin<1>         |sum<3>         |    4.992|
x<0>           |cout<0>        |    6.674|
x<0>           |cout<1>        |    6.580|
x<0>           |cout<2>        |    7.647|
x<0>           |cout<4>        |    6.475|
x<0>           |cout<6>        |    8.616|
x<0>           |sum<0>         |    4.421|
x<0>           |sum<1>         |    4.481|
x<0>           |sum<2>         |    4.715|
x<0>           |sum<3>         |    4.604|
x<0>           |sum<4>         |    7.149|
x<0>           |sum<5>         |    6.406|
x<0>           |sum<6>         |    6.672|
x<0>           |sum<7>         |    6.597|
x<0>           |sum<8>         |    7.863|
x<0>           |sum<9>         |    6.796|
x<0>           |sum<10>        |    7.928|
x<0>           |sum<11>        |    7.870|
x<0>           |sum<12>        |    7.051|
x<0>           |sum<13>        |    6.903|
x<0>           |sum<14>        |    8.417|
x<0>           |sum<15>        |    8.136|
x<1>           |cout<0>        |    6.830|
x<1>           |cout<1>        |    6.735|
x<1>           |cout<2>        |    7.803|
x<1>           |cout<4>        |    6.631|
x<1>           |cout<6>        |    8.772|
x<1>           |sum<1>         |    4.628|
x<1>           |sum<2>         |    4.862|
x<1>           |sum<3>         |    4.751|
x<1>           |sum<4>         |    7.305|
x<1>           |sum<5>         |    6.562|
x<1>           |sum<6>         |    6.828|
x<1>           |sum<7>         |    6.753|
x<1>           |sum<8>         |    8.019|
x<1>           |sum<9>         |    6.952|
x<1>           |sum<10>        |    8.084|
x<1>           |sum<11>        |    8.026|
x<1>           |sum<12>        |    7.207|
x<1>           |sum<13>        |    7.059|
x<1>           |sum<14>        |    8.573|
x<1>           |sum<15>        |    8.292|
x<2>           |cout<0>        |    6.121|
x<2>           |cout<1>        |    6.607|
x<2>           |cout<2>        |    7.094|
x<2>           |cout<4>        |    5.922|
x<2>           |cout<6>        |    8.063|
x<2>           |sum<2>         |    4.468|
x<2>           |sum<3>         |    4.359|
x<2>           |sum<4>         |    6.710|
x<2>           |sum<5>         |    5.966|
x<2>           |sum<6>         |    6.232|
x<2>           |sum<7>         |    6.157|
x<2>           |sum<8>         |    7.310|
x<2>           |sum<9>         |    6.243|
x<2>           |sum<10>        |    7.375|
x<2>           |sum<11>        |    7.317|
x<2>           |sum<12>        |    6.498|
x<2>           |sum<13>        |    6.350|
x<2>           |sum<14>        |    7.864|
x<2>           |sum<15>        |    7.583|
x<3>           |cout<0>        |    6.215|
x<3>           |cout<1>        |    6.592|
x<3>           |cout<2>        |    7.188|
x<3>           |cout<4>        |    6.016|
x<3>           |cout<6>        |    8.157|
x<3>           |sum<3>         |    4.461|
x<3>           |sum<4>         |    6.695|
x<3>           |sum<5>         |    5.951|
x<3>           |sum<6>         |    6.217|
x<3>           |sum<7>         |    6.142|
x<3>           |sum<8>         |    7.404|
x<3>           |sum<9>         |    6.337|
x<3>           |sum<10>        |    7.469|
x<3>           |sum<11>        |    7.411|
x<3>           |sum<12>        |    6.592|
x<3>           |sum<13>        |    6.444|
x<3>           |sum<14>        |    7.958|
x<3>           |sum<15>        |    7.677|
x<4>           |cout<2>        |    6.793|
x<4>           |cout<3>        |    6.443|
x<4>           |cout<4>        |    5.621|
x<4>           |cout<6>        |    7.762|
x<4>           |sum<4>         |    6.214|
x<4>           |sum<5>         |    4.542|
x<4>           |sum<6>         |    4.808|
x<4>           |sum<7>         |    4.733|
x<4>           |sum<8>         |    7.009|
x<4>           |sum<9>         |    5.942|
x<4>           |sum<10>        |    7.074|
x<4>           |sum<11>        |    7.016|
x<4>           |sum<12>        |    6.197|
x<4>           |sum<13>        |    6.049|
x<4>           |sum<14>        |    7.563|
x<4>           |sum<15>        |    7.282|
x<5>           |cout<2>        |    6.716|
x<5>           |cout<3>        |    6.368|
x<5>           |cout<4>        |    5.544|
x<5>           |cout<6>        |    7.685|
x<5>           |sum<5>         |    4.662|
x<5>           |sum<6>         |    4.928|
x<5>           |sum<7>         |    4.853|
x<5>           |sum<8>         |    6.932|
x<5>           |sum<9>         |    5.865|
x<5>           |sum<10>        |    6.997|
x<5>           |sum<11>        |    6.939|
x<5>           |sum<12>        |    6.120|
x<5>           |sum<13>        |    5.972|
x<5>           |sum<14>        |    7.486|
x<5>           |sum<15>        |    7.205|
x<6>           |cout<2>        |    6.219|
x<6>           |cout<3>        |    5.978|
x<6>           |cout<4>        |    5.047|
x<6>           |cout<6>        |    7.188|
x<6>           |sum<6>         |    4.595|
x<6>           |sum<7>         |    4.521|
x<6>           |sum<8>         |    6.531|
x<6>           |sum<9>         |    5.368|
x<6>           |sum<10>        |    6.593|
x<6>           |sum<11>        |    6.535|
x<6>           |sum<12>        |    5.623|
x<6>           |sum<13>        |    5.475|
x<6>           |sum<14>        |    6.989|
x<6>           |sum<15>        |    6.708|
x<7>           |cout<2>        |    6.482|
x<7>           |cout<3>        |    5.866|
x<7>           |cout<4>        |    5.310|
x<7>           |cout<6>        |    7.451|
x<7>           |sum<7>         |    4.334|
x<7>           |sum<8>         |    6.698|
x<7>           |sum<9>         |    5.631|
x<7>           |sum<10>        |    6.763|
x<7>           |sum<11>        |    6.705|
x<7>           |sum<12>        |    5.886|
x<7>           |sum<13>        |    5.738|
x<7>           |sum<14>        |    7.252|
x<7>           |sum<15>        |    6.971|
x<8>           |cout<4>        |    5.794|
x<8>           |cout<5>        |    5.575|
x<8>           |cout<6>        |    7.935|
x<8>           |sum<8>         |    6.310|
x<8>           |sum<9>         |    5.028|
x<8>           |sum<10>        |    5.348|
x<8>           |sum<11>        |    5.290|
x<8>           |sum<12>        |    6.370|
x<8>           |sum<13>        |    6.222|
x<8>           |sum<14>        |    7.736|
x<8>           |sum<15>        |    7.455|
x<9>           |cout<4>        |    5.885|
x<9>           |cout<5>        |    5.666|
x<9>           |cout<6>        |    8.026|
x<9>           |sum<9>         |    5.449|
x<9>           |sum<10>        |    5.445|
x<9>           |sum<11>        |    5.387|
x<9>           |sum<12>        |    6.461|
x<9>           |sum<13>        |    6.313|
x<9>           |sum<14>        |    7.827|
x<9>           |sum<15>        |    7.546|
x<10>          |cout<4>        |    5.367|
x<10>          |cout<5>        |    5.148|
x<10>          |cout<6>        |    7.508|
x<10>          |sum<10>        |    4.949|
x<10>          |sum<11>        |    4.885|
x<10>          |sum<12>        |    5.943|
x<10>          |sum<13>        |    5.795|
x<10>          |sum<14>        |    7.309|
x<10>          |sum<15>        |    7.028|
x<11>          |cout<4>        |    5.469|
x<11>          |cout<5>        |    5.250|
x<11>          |cout<6>        |    7.610|
x<11>          |sum<11>        |    4.696|
x<11>          |sum<12>        |    6.045|
x<11>          |sum<13>        |    5.897|
x<11>          |sum<14>        |    7.411|
x<11>          |sum<15>        |    7.130|
x<12>          |cout<6>        |    6.707|
x<12>          |cout<7>        |    6.356|
x<12>          |sum<12>        |    5.106|
x<12>          |sum<13>        |    5.005|
x<12>          |sum<14>        |    5.586|
x<12>          |sum<15>        |    5.305|
x<13>          |cout<6>        |    6.623|
x<13>          |cout<7>        |    6.272|
x<13>          |sum<13>        |    5.210|
x<13>          |sum<14>        |    5.502|
x<13>          |sum<15>        |    5.221|
x<14>          |cout<6>        |    6.354|
x<14>          |cout<7>        |    6.003|
x<14>          |sum<14>        |    4.835|
x<14>          |sum<15>        |    4.551|
x<15>          |cout<6>        |    6.440|
x<15>          |cout<7>        |    6.089|
x<15>          |sum<15>        |    4.742|
y<0>           |cout<0>        |    7.043|
y<0>           |cout<1>        |    6.947|
y<0>           |cout<2>        |    8.016|
y<0>           |cout<4>        |    6.844|
y<0>           |cout<6>        |    8.985|
y<0>           |sum<0>         |    4.759|
y<0>           |sum<1>         |    4.569|
y<0>           |sum<2>         |    4.805|
y<0>           |sum<3>         |    4.694|
y<0>           |sum<4>         |    7.518|
y<0>           |sum<5>         |    6.775|
y<0>           |sum<6>         |    7.041|
y<0>           |sum<7>         |    6.966|
y<0>           |sum<8>         |    8.232|
y<0>           |sum<9>         |    7.165|
y<0>           |sum<10>        |    8.297|
y<0>           |sum<11>        |    8.239|
y<0>           |sum<12>        |    7.420|
y<0>           |sum<13>        |    7.272|
y<0>           |sum<14>        |    8.786|
y<0>           |sum<15>        |    8.505|
y<1>           |cout<0>        |    7.079|
y<1>           |cout<1>        |    6.984|
y<1>           |cout<2>        |    8.052|
y<1>           |cout<4>        |    6.880|
y<1>           |cout<6>        |    9.021|
y<1>           |sum<1>         |    4.884|
y<1>           |sum<2>         |    5.118|
y<1>           |sum<3>         |    5.007|
y<1>           |sum<4>         |    7.554|
y<1>           |sum<5>         |    6.811|
y<1>           |sum<6>         |    7.077|
y<1>           |sum<7>         |    7.002|
y<1>           |sum<8>         |    8.268|
y<1>           |sum<9>         |    7.201|
y<1>           |sum<10>        |    8.333|
y<1>           |sum<11>        |    8.275|
y<1>           |sum<12>        |    7.456|
y<1>           |sum<13>        |    7.308|
y<1>           |sum<14>        |    8.822|
y<1>           |sum<15>        |    8.541|
y<2>           |cout<0>        |    6.311|
y<2>           |cout<1>        |    6.738|
y<2>           |cout<2>        |    7.284|
y<2>           |cout<4>        |    6.112|
y<2>           |cout<6>        |    8.253|
y<2>           |sum<2>         |    4.961|
y<2>           |sum<3>         |    4.850|
y<2>           |sum<4>         |    6.841|
y<2>           |sum<5>         |    6.097|
y<2>           |sum<6>         |    6.363|
y<2>           |sum<7>         |    6.288|
y<2>           |sum<8>         |    7.500|
y<2>           |sum<9>         |    6.433|
y<2>           |sum<10>        |    7.565|
y<2>           |sum<11>        |    7.507|
y<2>           |sum<12>        |    6.688|
y<2>           |sum<13>        |    6.540|
y<2>           |sum<14>        |    8.054|
y<2>           |sum<15>        |    7.773|
y<3>           |cout<0>        |    6.549|
y<3>           |cout<1>        |    6.955|
y<3>           |cout<2>        |    7.522|
y<3>           |cout<4>        |    6.350|
y<3>           |cout<6>        |    8.491|
y<3>           |sum<3>         |    4.820|
y<3>           |sum<4>         |    7.058|
y<3>           |sum<5>         |    6.314|
y<3>           |sum<6>         |    6.580|
y<3>           |sum<7>         |    6.505|
y<3>           |sum<8>         |    7.738|
y<3>           |sum<9>         |    6.671|
y<3>           |sum<10>        |    7.803|
y<3>           |sum<11>        |    7.745|
y<3>           |sum<12>        |    6.926|
y<3>           |sum<13>        |    6.778|
y<3>           |sum<14>        |    8.292|
y<3>           |sum<15>        |    8.011|
y<4>           |cout<2>        |    7.228|
y<4>           |cout<3>        |    6.878|
y<4>           |cout<4>        |    6.056|
y<4>           |cout<6>        |    8.197|
y<4>           |sum<4>         |    6.612|
y<4>           |sum<5>         |    4.894|
y<4>           |sum<6>         |    5.160|
y<4>           |sum<7>         |    5.085|
y<4>           |sum<8>         |    7.444|
y<4>           |sum<9>         |    6.377|
y<4>           |sum<10>        |    7.509|
y<4>           |sum<11>        |    7.451|
y<4>           |sum<12>        |    6.632|
y<4>           |sum<13>        |    6.484|
y<4>           |sum<14>        |    7.998|
y<4>           |sum<15>        |    7.717|
y<5>           |cout<2>        |    7.204|
y<5>           |cout<3>        |    6.854|
y<5>           |cout<4>        |    6.032|
y<5>           |cout<6>        |    8.173|
y<5>           |sum<5>         |    4.790|
y<5>           |sum<6>         |    5.058|
y<5>           |sum<7>         |    4.983|
y<5>           |sum<8>         |    7.420|
y<5>           |sum<9>         |    6.353|
y<5>           |sum<10>        |    7.485|
y<5>           |sum<11>        |    7.427|
y<5>           |sum<12>        |    6.608|
y<5>           |sum<13>        |    6.460|
y<5>           |sum<14>        |    7.974|
y<5>           |sum<15>        |    7.693|
y<6>           |cout<2>        |    6.681|
y<6>           |cout<3>        |    6.404|
y<6>           |cout<4>        |    5.509|
y<6>           |cout<6>        |    7.650|
y<6>           |sum<6>         |    4.887|
y<6>           |sum<7>         |    4.813|
y<6>           |sum<8>         |    6.957|
y<6>           |sum<9>         |    5.830|
y<6>           |sum<10>        |    7.019|
y<6>           |sum<11>        |    6.961|
y<6>           |sum<12>        |    6.085|
y<6>           |sum<13>        |    5.937|
y<6>           |sum<14>        |    7.451|
y<6>           |sum<15>        |    7.170|
y<7>           |cout<2>        |    6.618|
y<7>           |cout<3>        |    6.258|
y<7>           |cout<4>        |    5.446|
y<7>           |cout<6>        |    7.587|
y<7>           |sum<7>         |    4.876|
y<7>           |sum<8>         |    6.834|
y<7>           |sum<9>         |    5.767|
y<7>           |sum<10>        |    6.899|
y<7>           |sum<11>        |    6.841|
y<7>           |sum<12>        |    6.022|
y<7>           |sum<13>        |    5.874|
y<7>           |sum<14>        |    7.388|
y<7>           |sum<15>        |    7.107|
y<8>           |cout<4>        |    6.265|
y<8>           |cout<5>        |    6.046|
y<8>           |cout<6>        |    8.406|
y<8>           |sum<8>         |    6.868|
y<8>           |sum<9>         |    5.415|
y<8>           |sum<10>        |    5.819|
y<8>           |sum<11>        |    5.761|
y<8>           |sum<12>        |    6.841|
y<8>           |sum<13>        |    6.693|
y<8>           |sum<14>        |    8.207|
y<8>           |sum<15>        |    7.926|
y<9>           |cout<4>        |    6.246|
y<9>           |cout<5>        |    6.027|
y<9>           |cout<6>        |    8.387|
y<9>           |sum<9>         |    5.830|
y<9>           |sum<10>        |    5.805|
y<9>           |sum<11>        |    5.747|
y<9>           |sum<12>        |    6.822|
y<9>           |sum<13>        |    6.674|
y<9>           |sum<14>        |    8.188|
y<9>           |sum<15>        |    7.907|
y<10>          |cout<4>        |    5.934|
y<10>          |cout<5>        |    5.715|
y<10>          |cout<6>        |    8.075|
y<10>          |sum<10>        |    5.482|
y<10>          |sum<11>        |    5.424|
y<10>          |sum<12>        |    6.510|
y<10>          |sum<13>        |    6.362|
y<10>          |sum<14>        |    7.876|
y<10>          |sum<15>        |    7.595|
y<11>          |cout<4>        |    5.931|
y<11>          |cout<5>        |    5.712|
y<11>          |cout<6>        |    8.072|
y<11>          |sum<11>        |    5.317|
y<11>          |sum<12>        |    6.507|
y<11>          |sum<13>        |    6.359|
y<11>          |sum<14>        |    7.873|
y<11>          |sum<15>        |    7.592|
y<12>          |cout<6>        |    6.953|
y<12>          |cout<7>        |    6.602|
y<12>          |sum<12>        |    5.057|
y<12>          |sum<13>        |    5.272|
y<12>          |sum<14>        |    5.838|
y<12>          |sum<15>        |    5.557|
y<13>          |cout<6>        |    6.893|
y<13>          |cout<7>        |    6.479|
y<13>          |sum<13>        |    5.733|
y<13>          |sum<14>        |    5.711|
y<13>          |sum<15>        |    5.430|
y<14>          |cout<6>        |    6.566|
y<14>          |cout<7>        |    6.215|
y<14>          |sum<14>        |    5.378|
y<14>          |sum<15>        |    5.097|
y<15>          |cout<6>        |    6.590|
y<15>          |cout<7>        |    6.239|
y<15>          |sum<15>        |    4.970|
---------------+---------------+---------+


Analysis completed Wed Jul 21 13:31:23 2021 
--------------------------------------------------------------------------------

Trace Settings:
-------------------------
Trace Settings 

Peak Memory Usage: 928 MB



